This is pdfTeX, Version 3.141592653-2.6-1.40.25 (MiKTeX 23.10.12) (preloaded format=pdflatex 2024.4.11)  18 MAY 2026 01:41
entering extended mode
 restricted \write18 enabled.
 %&-line parsing enabled.
**./content/master.tex
(content/master.tex
LaTeX2e <2023-11-01>
L3 programming layer <2023-12-11>
(C:\Users\Talgat\AppData\Local\Programs\MiKTeX\tex/latex/base\report.cls
Document Class: report 2023/05/17 v1.4n Standard LaTeX document class
(C:\Users\Talgat\AppData\Local\Programs\MiKTeX\tex/latex/base\size10.clo
File: size10.clo 2023/05/17 v1.4n Standard LaTeX file (size option)
)
\c@part=\count187
\c@chapter=\count188
\c@section=\count189
\c@subsection=\count190
\c@subsubsection=\count191
\c@paragraph=\count192
\c@subparagraph=\count193
\c@figure=\count194
\c@table=\count195
\abovecaptionskip=\skip48
\belowcaptionskip=\skip49
\bibindent=\dimen140
)
(mathesis.sty
Package: mathesis 2026/02/19 Semantic entity cross-references and macros

(C:\Users\Talgat\AppData\Local\Programs\MiKTeX\tex/latex/amsmath\amsmath.sty
Package: amsmath 2023/05/13 v2.17o AMS math features
\@mathmargin=\skip50

For additional information on amsmath, use the `?' option.
(C:\Users\Talgat\AppData\Local\Programs\MiKTeX\tex/latex/amsmath\amstext.sty
Package: amstext 2021/08/26 v2.01 AMS text

(C:\Users\Talgat\AppData\Local\Programs\MiKTeX\tex/latex/amsmath\amsgen.sty
File: amsgen.sty 1999/11/30 v2.0 generic functions
\@emptytoks=\toks17
\ex@=\dimen141
))
(C:\Users\Talgat\AppData\Local\Programs\MiKTeX\tex/latex/amsmath\amsbsy.sty
Package: amsbsy 1999/11/29 v1.2d Bold Symbols
\pmbraise@=\dimen142
)
(C:\Users\Talgat\AppData\Local\Programs\MiKTeX\tex/latex/amsmath\amsopn.sty
Package: amsopn 2022/04/08 v2.04 operator names
)
\inf@bad=\count196
LaTeX Info: Redefining \frac on input line 234.
\uproot@=\count197
\leftroot@=\count198
LaTeX Info: Redefining \overline on input line 399.
LaTeX Info: Redefining \colon on input line 410.
\classnum@=\count199
\DOTSCASE@=\count266
LaTeX Info: Redefining \ldots on input line 496.
LaTeX Info: Redefining \dots on input line 499.
LaTeX Info: Redefining \cdots on input line 620.
\Mathstrutbox@=\box51
\strutbox@=\box52
LaTeX Info: Redefining \big on input line 722.
LaTeX Info: Redefining \Big on input line 723.
LaTeX Info: Redefining \bigg on input line 724.
LaTeX Info: Redefining \Bigg on input line 725.
\big@size=\dimen143
LaTeX Font Info:    Redeclaring font encoding OML on input line 743.
LaTeX Font Info:    Redeclaring font encoding OMS on input line 744.
\macc@depth=\count267
LaTeX Info: Redefining \bmod on input line 905.
LaTeX Info: Redefining \pmod on input line 910.
LaTeX Info: Redefining \smash on input line 940.
LaTeX Info: Redefining \relbar on input line 970.
LaTeX Info: Redefining \Relbar on input line 971.
\c@MaxMatrixCols=\count268
\dotsspace@=\muskip16
\c@parentequation=\count269
\dspbrk@lvl=\count270
\tag@help=\toks18
\row@=\count271
\column@=\count272
\maxfields@=\count273
\andhelp@=\toks19
\eqnshift@=\dimen144
\alignsep@=\dimen145
\tagshift@=\dimen146
\tagwidth@=\dimen147
\totwidth@=\dimen148
\lineht@=\dimen149
\@envbody=\toks20
\multlinegap=\skip51
\multlinetaggap=\skip52
\mathdisplay@stack=\toks21
LaTeX Info: Redefining \[ on input line 2953.
LaTeX Info: Redefining \] on input line 2954.
)
(C:\Users\Talgat\AppData\Local\Programs\MiKTeX\tex/latex/amsfonts\amssymb.sty
Package: amssymb 2013/01/14 v3.01 AMS font symbols

(C:\Users\Talgat\AppData\Local\Programs\MiKTeX\tex/latex/amsfonts\amsfonts.sty
Package: amsfonts 2013/01/14 v3.01 Basic AMSFonts support
\symAMSa=\mathgroup4
\symAMSb=\mathgroup5
LaTeX Font Info:    Redeclaring math symbol \hbar on input line 98.
LaTeX Font Info:    Overwriting math alphabet `\mathfrak' in version `bold'
(Font)                  U/euf/m/n --> U/euf/b/n on input line 106.
))
(C:\Users\Talgat\AppData\Local\Programs\MiKTeX\tex/latex/mathtools\mathtools.st
y
Package: mathtools 2024/10/04 v1.31 mathematical typesetting tools
 (C:\Users\Talgat\AppData\Local\Programs\MiKTeX\tex/latex/graphics\keyval.sty
Package: keyval 2022/05/29 v1.15 key=value parser (DPC)
\KV@toks@=\toks22
) (C:\Users\Talgat\AppData\Local\Programs\MiKTeX\tex/latex/tools\calc.sty
Package: calc 2023/07/08 v4.3 Infix arithmetic (KKT,FJ)
\calc@Acount=\count274
\calc@Bcount=\count275
\calc@Adimen=\dimen150
\calc@Bdimen=\dimen151
\calc@Askip=\skip53
\calc@Bskip=\skip54
LaTeX Info: Redefining \setlength on input line 80.
LaTeX Info: Redefining \addtolength on input line 81.
\calc@Ccount=\count276
\calc@Cskip=\skip55
)
(C:\Users\Talgat\AppData\Local\Programs\MiKTeX\tex/latex/mathtools\mhsetup.sty
Package: mhsetup 2021/03/18 v1.4 programming setup (MH)
)
\g_MT_multlinerow_int=\count277
\l_MT_multwidth_dim=\dimen152
\origjot=\skip56
\l_MT_shortvdotswithinadjustabove_dim=\dimen153
\l_MT_shortvdotswithinadjustbelow_dim=\dimen154
\l_MT_above_intertext_sep=\dimen155
\l_MT_below_intertext_sep=\dimen156
\l_MT_above_shortintertext_sep=\dimen157
\l_MT_below_shortintertext_sep=\dimen158
\xmathstrut@box=\box53
\xmathstrut@dim=\dimen159
) (C:\Users\Talgat\AppData\Local\Programs\MiKTeX\tex/latex/amscls\amsthm.sty
Package: amsthm 2020/05/29 v2.20.6
\thm@style=\toks23
\thm@bodyfont=\toks24
\thm@headfont=\toks25
\thm@notefont=\toks26
\thm@headpunct=\toks27
\thm@preskip=\skip57
\thm@postskip=\skip58
\thm@headsep=\skip59
\dth@everypar=\toks28
)
(C:\Users\Talgat\AppData\Local\Programs\MiKTeX\tex/latex/xcolor\xcolor.sty
Package: xcolor 2023/11/15 v3.01 LaTeX color extensions (UK)

(C:\Users\Talgat\AppData\Local\Programs\MiKTeX\tex/latex/graphics-cfg\color.cfg
File: color.cfg 2016/01/02 v1.6 sample color configuration
)
Package xcolor Info: Driver file: pdftex.def on input line 274.

(C:\Users\Talgat\AppData\Local\Programs\MiKTeX\tex/latex/graphics-def\pdftex.de
f
File: pdftex.def 2022/09/22 v1.2b Graphics/color driver for pdftex
)
(C:\Users\Talgat\AppData\Local\Programs\MiKTeX\tex/latex/graphics\mathcolor.ltx
)
Package xcolor Info: Model `cmy' substituted by `cmy0' on input line 1350.
Package xcolor Info: Model `hsb' substituted by `rgb' on input line 1354.
Package xcolor Info: Model `RGB' extended on input line 1366.
Package xcolor Info: Model `HTML' substituted by `rgb' on input line 1368.
Package xcolor Info: Model `Hsb' substituted by `hsb' on input line 1369.
Package xcolor Info: Model `tHsb' substituted by `hsb' on input line 1370.
Package xcolor Info: Model `HSB' substituted by `hsb' on input line 1371.
Package xcolor Info: Model `Gray' substituted by `gray' on input line 1372.
Package xcolor Info: Model `wave' substituted by `hsb' on input line 1373.
)
(C:\Users\Talgat\AppData\Local\Programs\MiKTeX\tex/latex/hyperref\hyperref.sty
Package: hyperref 2023-11-26 v7.01g Hypertext links for LaTeX

(C:\Users\Talgat\AppData\Local\Programs\MiKTeX\tex/generic/iftex\iftex.sty
Package: iftex 2022/02/03 v1.0f TeX engine tests
)
(C:\Users\Talgat\AppData\Local\Programs\MiKTeX\tex/generic/infwarerr\infwarerr.
sty
Package: infwarerr 2019/12/03 v1.5 Providing info/warning/error messages (HO)
)
(C:\Users\Talgat\AppData\Local\Programs\MiKTeX\tex/latex/kvsetkeys\kvsetkeys.st
y
Package: kvsetkeys 2022-10-05 v1.19 Key value parser (HO)
)
(C:\Users\Talgat\AppData\Local\Programs\MiKTeX\tex/generic/kvdefinekeys\kvdefin
ekeys.sty
Package: kvdefinekeys 2019-12-19 v1.6 Define keys (HO)
)
(C:\Users\Talgat\AppData\Local\Programs\MiKTeX\tex/generic/pdfescape\pdfescape.
sty
Package: pdfescape 2019/12/09 v1.15 Implements pdfTeX's escape features (HO)

(C:\Users\Talgat\AppData\Local\Programs\MiKTeX\tex/generic/ltxcmds\ltxcmds.sty
Package: ltxcmds 2023-12-04 v1.26 LaTeX kernel commands for general use (HO)
)
(C:\Users\Talgat\AppData\Local\Programs\MiKTeX\tex/generic/pdftexcmds\pdftexcmd
s.sty
Package: pdftexcmds 2020-06-27 v0.33 Utility functions of pdfTeX for LuaTeX (HO
)
Package pdftexcmds Info: \pdf@primitive is available.
Package pdftexcmds Info: \pdf@ifprimitive is available.
Package pdftexcmds Info: \pdfdraftmode found.
))
(C:\Users\Talgat\AppData\Local\Programs\MiKTeX\tex/latex/hycolor\hycolor.sty
Package: hycolor 2020-01-27 v1.10 Color options for hyperref/bookmark (HO)
)
(C:\Users\Talgat\AppData\Local\Programs\MiKTeX\tex/latex/letltxmacro\letltxmacr
o.sty
Package: letltxmacro 2019/12/03 v1.6 Let assignment for LaTeX macros (HO)
)
(C:\Users\Talgat\AppData\Local\Programs\MiKTeX\tex/latex/auxhook\auxhook.sty
Package: auxhook 2019-12-17 v1.6 Hooks for auxiliary files (HO)
)
(C:\Users\Talgat\AppData\Local\Programs\MiKTeX\tex/latex/hyperref\nameref.sty
Package: nameref 2023-11-26 v2.56 Cross-referencing by name of section

(C:\Users\Talgat\AppData\Local\Programs\MiKTeX\tex/latex/refcount\refcount.sty
Package: refcount 2019/12/15 v3.6 Data extraction from label references (HO)
)
(C:\Users\Talgat\AppData\Local\Programs\MiKTeX\tex/generic/gettitlestring\getti
tlestring.sty
Package: gettitlestring 2019/12/15 v1.6 Cleanup title references (HO)

(C:\Users\Talgat\AppData\Local\Programs\MiKTeX\tex/latex/kvoptions\kvoptions.st
y
Package: kvoptions 2022-06-15 v3.15 Key value format for package options (HO)
))
\c@section@level=\count278
)
(C:\Users\Talgat\AppData\Local\Programs\MiKTeX\tex/latex/etoolbox\etoolbox.sty
Package: etoolbox 2020/10/05 v2.5k e-TeX tools for LaTeX (JAW)
\etb@tempcnta=\count279
)
\@linkdim=\dimen160
\Hy@linkcounter=\count280
\Hy@pagecounter=\count281
(C:\Users\Talgat\AppData\Local\Programs\MiKTeX\tex/latex/hyperref\pd1enc.def
File: pd1enc.def 2023-11-26 v7.01g Hyperref: PDFDocEncoding definition (HO)
Now handling font encoding PD1 ...
... no UTF-8 mapping file for font encoding PD1
)
(C:\Users\Talgat\AppData\Local\Programs\MiKTeX\tex/generic/intcalc\intcalc.sty
Package: intcalc 2019/12/15 v1.3 Expandable calculations with integers (HO)
)
\Hy@SavedSpaceFactor=\count282
(C:\Users\Talgat\AppData\Local\Programs\MiKTeX\tex/latex/hyperref\puenc.def
File: puenc.def 2023-11-26 v7.01g Hyperref: PDF Unicode definition (HO)
Now handling font encoding PU ...
... no UTF-8 mapping file for font encoding PU
)
Package hyperref Info: Option `colorlinks' set `true' on input line 4064.
Package hyperref Info: Hyper figures OFF on input line 4181.
Package hyperref Info: Link nesting OFF on input line 4186.
Package hyperref Info: Hyper index ON on input line 4189.
Package hyperref Info: Plain pages OFF on input line 4196.
Package hyperref Info: Backreferencing OFF on input line 4201.
Package hyperref Info: Implicit mode ON; LaTeX internals redefined.
Package hyperref Info: Bookmarks ON on input line 4448.
\c@Hy@tempcnt=\count283

(C:\Users\Talgat\AppData\Local\Programs\MiKTeX\tex/latex/url\url.sty
\Urlmuskip=\muskip17
Package: url 2013/09/16  ver 3.4  Verb mode for urls, etc.
)
LaTeX Info: Redefining \url on input line 4786.
\XeTeXLinkMargin=\dimen161

(C:\Users\Talgat\AppData\Local\Programs\MiKTeX\tex/generic/bitset\bitset.sty
Package: bitset 2019/12/09 v1.3 Handle bit-vector datatype (HO)

(C:\Users\Talgat\AppData\Local\Programs\MiKTeX\tex/generic/bigintcalc\bigintcal
c.sty
Package: bigintcalc 2019/12/15 v1.5 Expandable calculations on big integers (HO
)
))
\Fld@menulength=\count284
\Field@Width=\dimen162
\Fld@charsize=\dimen163
Package hyperref Info: Hyper figures OFF on input line 6065.
Package hyperref Info: Link nesting OFF on input line 6070.
Package hyperref Info: Hyper index ON on input line 6073.
Package hyperref Info: backreferencing OFF on input line 6080.
Package hyperref Info: Link coloring ON on input line 6083.
Package hyperref Info: Link coloring with OCG OFF on input line 6090.
Package hyperref Info: PDF/A mode OFF on input line 6095.

(C:\Users\Talgat\AppData\Local\Programs\MiKTeX\tex/latex/base\atbegshi-ltx.sty
Package: atbegshi-ltx 2021/01/10 v1.0c Emulation of the original atbegshi
package with kernel methods
)
\Hy@abspage=\count285
\c@Item=\count286
\c@Hfootnote=\count287
)
Package hyperref Info: Driver (autodetected): hpdftex.
 (C:\Users\Talgat\AppData\Local\Programs\MiKTeX\tex/latex/hyperref\hpdftex.def
File: hpdftex.def 2023-11-26 v7.01g Hyperref driver for pdfTeX

(C:\Users\Talgat\AppData\Local\Programs\MiKTeX\tex/latex/base\atveryend-ltx.sty
Package: atveryend-ltx 2020/08/19 v1.0a Emulation of the original atveryend pac
kage
with kernel methods
)
\Fld@listcount=\count288
\c@bookmark@seq@number=\count289

(C:\Users\Talgat\AppData\Local\Programs\MiKTeX\tex/latex/rerunfilecheck\rerunfi
lecheck.sty
Package: rerunfilecheck 2022-07-10 v1.10 Rerun checks for auxiliary files (HO)

(C:\Users\Talgat\AppData\Local\Programs\MiKTeX\tex/generic/uniquecounter\unique
counter.sty
Package: uniquecounter 2019/12/15 v1.4 Provide unlimited unique counter (HO)
)
Package uniquecounter Info: New unique counter `rerunfilecheck' on input line 2
85.
)
\Hy@SectionHShift=\skip60
)
\c@object=\count290
\c@operation=\count291
\c@property=\count292
\c@axiom=\count293
\c@theorem=\count294
\c@lemma=\count295
\c@corollary=\count296
)
(C:\Users\Talgat\AppData\Local\Programs\MiKTeX\tex/latex/base\inputenc.sty
Package: inputenc 2021/02/14 v1.3d Input encoding file
\inpenc@prehook=\toks29
\inpenc@posthook=\toks30
)
(C:\Users\Talgat\AppData\Local\Programs\MiKTeX\tex/generic/babel\babel.sty
Package: babel 2023/12/10 v3.99 The Babel package
\babel@savecnt=\count297
\U@D=\dimen164
\l@unhyphenated=\language79

(C:\Users\Talgat\AppData\Local\Programs\MiKTeX\tex/generic/babel\txtbabel.def)
\bbl@readstream=\read2
\bbl@dirlevel=\count298

*************************************
* Local config file bblopts.cfg used
*
(C:\Users\Talgat\AppData\Local\Programs\MiKTeX\tex/latex/arabi\bblopts.cfg
File: bblopts.cfg 2005/09/08 v0.1 add Arabic and Farsi to "declared" options of
 babel
)
(C:\Users\Talgat\AppData\Local\Programs\MiKTeX\tex/latex/babel-russian\russianb
.ldf
File: russianb.ldf 2021/01/10 1.3m Russian support for the Babel system
Language: russian 2020/09/09 1.3k Russian support for the Babel system


Package babel Warning: No Cyrillic font encoding has been loaded so far.
(babel)                A font encoding should be declared before babel.
(babel)                Default `T2A' encoding will be loaded  on input line 78.


(C:\Users\Talgat\AppData\Local\Programs\MiKTeX\tex/latex/cyrillic\t2aenc.def
File: t2aenc.def 2022/06/11 v1.0j Cyrillic encoding definition file
Now handling font encoding T2A ...
... processing UTF-8 mapping file for font encoding T2A

(C:\Users\Talgat\AppData\Local\Programs\MiKTeX\tex/latex/base\t2aenc.dfu
File: t2aenc.dfu 2022/06/07 v1.3c UTF-8 support
   defining Unicode char U+00A4 (decimal 164)
   defining Unicode char U+00A7 (decimal 167)
   defining Unicode char U+00AB (decimal 171)
   defining Unicode char U+00BB (decimal 187)
   defining Unicode char U+0131 (decimal 305)
   defining Unicode char U+0237 (decimal 567)
   defining Unicode char U+0400 (decimal 1024)
   defining Unicode char U+0401 (decimal 1025)
   defining Unicode char U+0402 (decimal 1026)
   defining Unicode char U+0403 (decimal 1027)
   defining Unicode char U+0404 (decimal 1028)
   defining Unicode char U+0405 (decimal 1029)
   defining Unicode char U+0406 (decimal 1030)
   defining Unicode char U+0407 (decimal 1031)
   defining Unicode char U+0408 (decimal 1032)
   defining Unicode char U+0409 (decimal 1033)
   defining Unicode char U+040A (decimal 1034)
   defining Unicode char U+040B (decimal 1035)
   defining Unicode char U+040C (decimal 1036)
   defining Unicode char U+040D (decimal 1037)
   defining Unicode char U+040E (decimal 1038)
   defining Unicode char U+040F (decimal 1039)
   defining Unicode char U+0410 (decimal 1040)
   defining Unicode char U+0411 (decimal 1041)
   defining Unicode char U+0412 (decimal 1042)
   defining Unicode char U+0413 (decimal 1043)
   defining Unicode char U+0414 (decimal 1044)
   defining Unicode char U+0415 (decimal 1045)
   defining Unicode char U+0416 (decimal 1046)
   defining Unicode char U+0417 (decimal 1047)
   defining Unicode char U+0418 (decimal 1048)
   defining Unicode char U+0419 (decimal 1049)
   defining Unicode char U+041A (decimal 1050)
   defining Unicode char U+041B (decimal 1051)
   defining Unicode char U+041C (decimal 1052)
   defining Unicode char U+041D (decimal 1053)
   defining Unicode char U+041E (decimal 1054)
   defining Unicode char U+041F (decimal 1055)
   defining Unicode char U+0420 (decimal 1056)
   defining Unicode char U+0421 (decimal 1057)
   defining Unicode char U+0422 (decimal 1058)
   defining Unicode char U+0423 (decimal 1059)
   defining Unicode char U+0424 (decimal 1060)
   defining Unicode char U+0425 (decimal 1061)
   defining Unicode char U+0426 (decimal 1062)
   defining Unicode char U+0427 (decimal 1063)
   defining Unicode char U+0428 (decimal 1064)
   defining Unicode char U+0429 (decimal 1065)
   defining Unicode char U+042A (decimal 1066)
   defining Unicode char U+042B (decimal 1067)
   defining Unicode char U+042C (decimal 1068)
   defining Unicode char U+042D (decimal 1069)
   defining Unicode char U+042E (decimal 1070)
   defining Unicode char U+042F (decimal 1071)
   defining Unicode char U+0430 (decimal 1072)
   defining Unicode char U+0431 (decimal 1073)
   defining Unicode char U+0432 (decimal 1074)
   defining Unicode char U+0433 (decimal 1075)
   defining Unicode char U+0434 (decimal 1076)
   defining Unicode char U+0435 (decimal 1077)
   defining Unicode char U+0436 (decimal 1078)
   defining Unicode char U+0437 (decimal 1079)
   defining Unicode char U+0438 (decimal 1080)
   defining Unicode char U+0439 (decimal 1081)
   defining Unicode char U+043A (decimal 1082)
   defining Unicode char U+043B (decimal 1083)
   defining Unicode char U+043C (decimal 1084)
   defining Unicode char U+043D (decimal 1085)
   defining Unicode char U+043E (decimal 1086)
   defining Unicode char U+043F (decimal 1087)
   defining Unicode char U+0440 (decimal 1088)
   defining Unicode char U+0441 (decimal 1089)
   defining Unicode char U+0442 (decimal 1090)
   defining Unicode char U+0443 (decimal 1091)
   defining Unicode char U+0444 (decimal 1092)
   defining Unicode char U+0445 (decimal 1093)
   defining Unicode char U+0446 (decimal 1094)
   defining Unicode char U+0447 (decimal 1095)
   defining Unicode char U+0448 (decimal 1096)
   defining Unicode char U+0449 (decimal 1097)
   defining Unicode char U+044A (decimal 1098)
   defining Unicode char U+044B (decimal 1099)
   defining Unicode char U+044C (decimal 1100)
   defining Unicode char U+044D (decimal 1101)
   defining Unicode char U+044E (decimal 1102)
   defining Unicode char U+044F (decimal 1103)
   defining Unicode char U+0450 (decimal 1104)
   defining Unicode char U+0451 (decimal 1105)
   defining Unicode char U+0452 (decimal 1106)
   defining Unicode char U+0453 (decimal 1107)
   defining Unicode char U+0454 (decimal 1108)
   defining Unicode char U+0455 (decimal 1109)
   defining Unicode char U+0456 (decimal 1110)
   defining Unicode char U+0457 (decimal 1111)
   defining Unicode char U+0458 (decimal 1112)
   defining Unicode char U+0459 (decimal 1113)
   defining Unicode char U+045A (decimal 1114)
   defining Unicode char U+045B (decimal 1115)
   defining Unicode char U+045C (decimal 1116)
   defining Unicode char U+045D (decimal 1117)
   defining Unicode char U+045E (decimal 1118)
   defining Unicode char U+045F (decimal 1119)
   defining Unicode char U+0490 (decimal 1168)
   defining Unicode char U+0491 (decimal 1169)
   defining Unicode char U+0492 (decimal 1170)
   defining Unicode char U+0493 (decimal 1171)
   defining Unicode char U+0496 (decimal 1174)
   defining Unicode char U+0497 (decimal 1175)
   defining Unicode char U+0498 (decimal 1176)
   defining Unicode char U+0499 (decimal 1177)
   defining Unicode char U+049A (decimal 1178)
   defining Unicode char U+049B (decimal 1179)
   defining Unicode char U+049C (decimal 1180)
   defining Unicode char U+049D (decimal 1181)
   defining Unicode char U+04A0 (decimal 1184)
   defining Unicode char U+04A1 (decimal 1185)
   defining Unicode char U+04A2 (decimal 1186)
   defining Unicode char U+04A3 (decimal 1187)
   defining Unicode char U+04A4 (decimal 1188)
   defining Unicode char U+04A5 (decimal 1189)
   defining Unicode char U+04AA (decimal 1194)
   defining Unicode char U+04AB (decimal 1195)
   defining Unicode char U+04AE (decimal 1198)
   defining Unicode char U+04AF (decimal 1199)
   defining Unicode char U+04B0 (decimal 1200)
   defining Unicode char U+04B1 (decimal 1201)
   defining Unicode char U+04B2 (decimal 1202)
   defining Unicode char U+04B3 (decimal 1203)
   defining Unicode char U+04B6 (decimal 1206)
   defining Unicode char U+04B7 (decimal 1207)
   defining Unicode char U+04B8 (decimal 1208)
   defining Unicode char U+04B9 (decimal 1209)
   defining Unicode char U+04BA (decimal 1210)
   defining Unicode char U+04BB (decimal 1211)
   defining Unicode char U+04C0 (decimal 1216)
   defining Unicode char U+04C1 (decimal 1217)
   defining Unicode char U+04C2 (decimal 1218)
   defining Unicode char U+04D0 (decimal 1232)
   defining Unicode char U+04D1 (decimal 1233)
   defining Unicode char U+04D2 (decimal 1234)
   defining Unicode char U+04D3 (decimal 1235)
   defining Unicode char U+04D4 (decimal 1236)
   defining Unicode char U+04D5 (decimal 1237)
   defining Unicode char U+04D6 (decimal 1238)
   defining Unicode char U+04D7 (decimal 1239)
   defining Unicode char U+04D8 (decimal 1240)
   defining Unicode char U+04D9 (decimal 1241)
   defining Unicode char U+04DA (decimal 1242)
   defining Unicode char U+04DB (decimal 1243)
   defining Unicode char U+04DC (decimal 1244)
   defining Unicode char U+04DD (decimal 1245)
   defining Unicode char U+04DE (decimal 1246)
   defining Unicode char U+04DF (decimal 1247)
   defining Unicode char U+04E2 (decimal 1250)
   defining Unicode char U+04E3 (decimal 1251)
   defining Unicode char U+04E4 (decimal 1252)
   defining Unicode char U+04E5 (decimal 1253)
   defining Unicode char U+04E6 (decimal 1254)
   defining Unicode char U+04E7 (decimal 1255)
   defining Unicode char U+04E8 (decimal 1256)
   defining Unicode char U+04E9 (decimal 1257)
   defining Unicode char U+04EC (decimal 1260)
   defining Unicode char U+04ED (decimal 1261)
   defining Unicode char U+04EE (decimal 1262)
   defining Unicode char U+04EF (decimal 1263)
   defining Unicode char U+04F0 (decimal 1264)
   defining Unicode char U+04F1 (decimal 1265)
   defining Unicode char U+04F2 (decimal 1266)
   defining Unicode char U+04F3 (decimal 1267)
   defining Unicode char U+04F4 (decimal 1268)
   defining Unicode char U+04F5 (decimal 1269)
   defining Unicode char U+04F8 (decimal 1272)
   defining Unicode char U+04F9 (decimal 1273)
   defining Unicode char U+200C (decimal 8204)
   defining Unicode char U+2013 (decimal 8211)
   defining Unicode char U+2014 (decimal 8212)
   defining Unicode char U+2018 (decimal 8216)
   defining Unicode char U+2019 (decimal 8217)
   defining Unicode char U+201C (decimal 8220)
   defining Unicode char U+201D (decimal 8221)
   defining Unicode char U+201E (decimal 8222)
   defining Unicode char U+2030 (decimal 8240)
   defining Unicode char U+2031 (decimal 8241)
   defining Unicode char U+2116 (decimal 8470)
   defining Unicode char U+2329 (decimal 9001)
   defining Unicode char U+3008 (decimal 12296)
   defining Unicode char U+232A (decimal 9002)
   defining Unicode char U+3009 (decimal 12297)
   defining Unicode char U+2423 (decimal 9251)
   defining Unicode char U+27E8 (decimal 10216)
   defining Unicode char U+27E9 (decimal 10217)
   defining Unicode char U+FB00 (decimal 64256)
   defining Unicode char U+FB01 (decimal 64257)
   defining Unicode char U+FB02 (decimal 64258)
   defining Unicode char U+FB03 (decimal 64259)
   defining Unicode char U+FB04 (decimal 64260)
   defining Unicode char U+FB05 (decimal 64261)
   defining Unicode char U+FB06 (decimal 64262)
))
Package babel Info: Making " an active character on input line 124.
Package babel Info: Default for \cyrdash is provided on input line 163.
))
(C:\Users\Talgat\AppData\Local\Programs\MiKTeX\tex/generic/babel/locale/ru\babe
l-russian.tex
Package babel Info: Importing font and identification data for russian
(babel)             from babel-ru.ini. Reported on input line 11.
)
(C:\Users\Talgat\AppData\Local\Programs\MiKTeX\tex/latex/l3backend\l3backend-pd
ftex.def
File: l3backend-pdftex.def 2023-11-09 L3 backend support: PDF output (pdfTeX)
\l__color_backend_stack_int=\count299
\l__pdf_internal_box=\box54
) (master.aux
LaTeX Font Info:    Trying to load font information for T2A+cmr on input line 8
.

(C:\Users\Talgat\AppData\Local\Programs\MiKTeX\tex/latex/cyrillic\t2acmr.fd
File: t2acmr.fd 2001/08/11 v1.0a Computer Modern Cyrillic font definitions
))
\openout1 = `master.aux'.

LaTeX Font Info:    Checking defaults for OML/cmm/m/it on input line 6.
LaTeX Font Info:    ... okay on input line 6.
LaTeX Font Info:    Checking defaults for OMS/cmsy/m/n on input line 6.
LaTeX Font Info:    ... okay on input line 6.
LaTeX Font Info:    Checking defaults for OT1/cmr/m/n on input line 6.
LaTeX Font Info:    ... okay on input line 6.
LaTeX Font Info:    Checking defaults for T1/cmr/m/n on input line 6.
LaTeX Font Info:    ... okay on input line 6.
LaTeX Font Info:    Checking defaults for TS1/cmr/m/n on input line 6.
LaTeX Font Info:    ... okay on input line 6.
LaTeX Font Info:    Checking defaults for OMX/cmex/m/n on input line 6.
LaTeX Font Info:    ... okay on input line 6.
LaTeX Font Info:    Checking defaults for U/cmr/m/n on input line 6.
LaTeX Font Info:    ... okay on input line 6.
LaTeX Font Info:    Checking defaults for PD1/pdf/m/n on input line 6.
LaTeX Font Info:    ... okay on input line 6.
LaTeX Font Info:    Checking defaults for PU/pdf/m/n on input line 6.
LaTeX Font Info:    ... okay on input line 6.
LaTeX Font Info:    Checking defaults for T2A/cmr/m/n on input line 6.
LaTeX Font Info:    ... okay on input line 6.

(C:\Users\Talgat\AppData\Local\Programs\MiKTeX\tex/latex/graphics\graphicx.sty
Package: graphicx 2021/09/16 v1.2d Enhanced LaTeX Graphics (DPC,SPQR)

(C:\Users\Talgat\AppData\Local\Programs\MiKTeX\tex/latex/graphics\graphics.sty
Package: graphics 2022/03/10 v1.4e Standard LaTeX Graphics (DPC,SPQR)

(C:\Users\Talgat\AppData\Local\Programs\MiKTeX\tex/latex/graphics\trig.sty
Package: trig 2021/08/11 v1.11 sin cos tan (DPC)
)
(C:\Users\Talgat\AppData\Local\Programs\MiKTeX\tex/latex/graphics-cfg\graphics.
cfg
File: graphics.cfg 2016/06/04 v1.11 sample graphics configuration
)
Package graphics Info: Driver file: pdftex.def on input line 107.
)
\Gin@req@height=\dimen165
\Gin@req@width=\dimen166
)
(C:\Users\Talgat\AppData\Local\Programs\MiKTeX\tex/context/base/mkii\supp-pdf.m
kii
[Loading MPS to PDF converter (version 2006.09.02).]
\scratchcounter=\count300
\scratchdimen=\dimen167
\scratchbox=\box55
\nofMPsegments=\count301
\nofMParguments=\count302
\everyMPshowfont=\toks31
\MPscratchCnt=\count303
\MPscratchDim=\dimen168
\MPnumerator=\count304
\makeMPintoPDFobject=\count305
\everyMPtoPDFconversion=\toks32
)
(C:\Users\Talgat\AppData\Local\Programs\MiKTeX\tex/latex/epstopdf-pkg\epstopdf-
base.sty
Package: epstopdf-base 2020-01-24 v2.11 Base part for package epstopdf
Package epstopdf-base Info: Redefining graphics rule for `.eps' on input line 4
85.

(C:\Users\Talgat\AppData\Local\Programs\MiKTeX\tex/latex/00miktex\epstopdf-sys.
cfg
File: epstopdf-sys.cfg 2021/03/18 v2.0 Configuration of epstopdf for MiKTeX
))
Package hyperref Info: Link coloring ON on input line 6.
 (master.out) (master.out)
\@outlinefile=\write3
\openout3 = `master.out'.

LaTeX Info: Redefining \th on input line 6.

(content/foundations/Axiom of Pairing [axm-zfc-pairing].tex
LaTeX Font Info:    Trying to load font information for U+msa on input line 9.

(C:\Users\Talgat\AppData\Local\Programs\MiKTeX\tex/latex/amsfonts\umsa.fd
File: umsa.fd 2013/01/14 v3.01 AMS symbols A
)
LaTeX Font Info:    Trying to load font information for U+msb on input line 9.

(C:\Users\Talgat\AppData\Local\Programs\MiKTeX\tex/latex/amsfonts\umsb.fd
File: umsb.fd 2013/01/14 v3.01 AMS symbols B
))
(content/foundations/Axiom of Choice [axm-zfc-choice].tex
Overfull \hbox (199.73325pt too wide) detected at line 17
\OMS/cmsy/m/n/10 8F [] ) 9\OML/cmm/m/it/10 C\OMS/cmsy/m/n/10 8\OML/cmm/m/it/10 
A []
 []

) (content/foundations/Axiom of Extensionality [axm-zfc-extensionality].tex)
(content/foundations/Axiom of Infinity [axm-zfc-infinity].tex)
(content/foundations/Axiom of Power Set [axm-zfc-power-set].tex)
(content/foundations/Axiom of Regularity [axm-zfc-regularity].tex)
(content/foundations/Axiom of Replacement [axm-zfc-replacement].tex)
(content/foundations/Axiom of Specification [axm-zfc-specification].tex)
(content/foundations/Axiom of Union [axm-zfc-union].tex)
(content/foundations/Axm Completeness Real Line [axm-completeness-real-line].te
x
Overfull \hbox (386.7011pt too wide) detected at line 7
\OMS/cmsy/m/n/10 8\OML/cmm/m/it/10 L[]\OT1/cmr/m/n/10 (\OML/cmm/m/it/10 L\OT1/c
mr/m/n/10 ) [][]= \OMS/cmsy/m/n/10 :9[] []
 []

) (content/objects/Set [obj-set].tex)
(content/objects/Real Numbers [obj-real-numbers].tex)
(content/foundations/Completeness [axm-completeness].tex [1

{C:/Users/Talgat/AppData/Local/MiKTeX/fonts/map/pdftex/pdftex.map}])
(content/objects/Term [obj-term].tex)
(content/objects/Predicate [obj-predicate].tex)
(content/objects/Well-Formed Formula FOL [obj-wff-fol].tex
Overfull \hbox (10.61632pt too wide) in paragraph at lines 5--5
[]\T2A/cmr/bx/n/14.4 Правильно по-стро-ен-ная фор-му-ла FOL (Well-
 []


Overfull \hbox (59.66124pt too wide) detected at line 18
\OMS/cmsy/m/n/10 A [] \OT1/cmr/m/n/10 ([][][][][](\OMS/cmsy/m/n/10 A\OT1/cmr/m/
n/10 )) \OMS/cmsy/m/n/10 _ \OT1/cmr/m/n/10 (\OMS/cmsy/m/n/10 9B 2 F [] [] A \OT
1/cmr/m/n/10 =[][] \OMS/cmsy/m/n/10 :[][]B\OT1/cmr/m/n/10 ) \OMS/cmsy/m/n/10 _ 
\OT1/cmr/m/n/10 (\OMS/cmsy/m/n/10 9B\OML/cmm/m/it/10 ; \OMS/cmsy/m/n/10 C 2 F [
] [] A \OT1/cmr/m/n/10 = \OMS/cmsy/m/n/10 B[][] ![][] C\OT1/cmr/m/n/10 ) \OMS/c
msy/m/n/10 _ \OT1/cmr/m/n/10 (\OMS/cmsy/m/n/10 9\OML/cmm/m/it/10 x \OMS/cmsy/m/
n/10 2 V\OML/cmm/m/it/10 ; \OMS/cmsy/m/n/10 9B 2 F [] [] A \OT1/cmr/m/n/10 = \O
MS/cmsy/m/n/10 8\OML/cmm/m/it/10 x\OMS/cmsy/m/n/10 B\OT1/cmr/m/n/10 )
 []

) (content/foundations/Distribution [axm-fol-5].tex
Overfull \hbox (27.03331pt too wide) in paragraph at lines 5--5
[]\T2A/cmr/bx/n/14.4 Аксиома рас-пре-де-ле-ния кван-то-ра (Distribution
 []

) (content/foundations/Generalization Rule [axm-fol-generalization].tex
Overfull \hbox (23.98877pt too wide) in paragraph at lines 5--5
[]\T2A/cmr/bx/n/14.4 Правило обоб-ще-ния (Generalization Rule [axm-
 []

) (content/foundations/Modus Ponens [axm-fol-modus-ponens].tex [2])
(content/foundations/Specialization [axm-fol-4].tex
Overfull \hbox (12.59706pt too wide) in paragraph at lines 5--5
[]\T2A/cmr/bx/n/14.4 Аксиома спе-ци-а-ли-за-ции (Specialization [axm-
 []

) (content/objects/Cartesian Product [obj-cartesian-product].tex
Overfull \hbox (17.94154pt too wide) in paragraph at lines 5--5
[]\T2A/cmr/bx/n/14.4 Декартово про-из-ве-де-ние (Cartesian Product) 
 []

) (content/objects/Obj Closed Interval [obj-closed-interval].tex)
(content/objects/Function [obj-function].tex)
(content/operations/Op Abs Abstract [op-abs-abstract].tex)
(content/objects/Limit Point [obj-limit-point].tex [3])
(content/objects/Natural Numbers [obj-natural-numbers].tex)
(content/objects/Obj Open Interval [obj-open-interval].tex)
(content/objects/Partition [obj-partition].tex)
(content/objects/Sequence [obj-sequence].tex)
(content/objects/Subset [obj-subset].tex)
(content/operations/Op Derivative At Point [op-derivative-at-point].tex
Overfull \hbox (37.2897pt too wide) detected at line 10
\OMS/cmsy/m/n/10 8[]8[]8[][]\OT1/cmr/m/n/10 ([][]\OML/cmm/m/it/10 f[][]; x; L\O
T1/cmr/m/n/10 ) [][]= []
 []

) (content/operations/Op Limit Function Base [op-limit-function-base].tex
Overfull \hbox (13.3058pt too wide) in paragraph at lines 5--5
[]\T2A/cmr/bx/n/14.4 Предел функ-ции по ба-зе (Limit of a Function
 []

[4]
Overfull \hbox (101.61598pt too wide) detected at line 20
\OMS/cmsy/m/n/10 8[]8[]8[]8[][]\OT1/cmr/m/n/10 ([][]\OML/cmm/m/it/10 f[][]; \OM
S/cmsy/m/n/10 B\OML/cmm/m/it/10 ; A\OT1/cmr/m/n/10 ) [][]= \OMS/cmsy/m/n/10 8[]
9[]8[][][][][][]\OT1/cmr/m/n/10 (\OML/cmm/m/it/10 f\OT1/cmr/m/n/10 (\OML/cmm/m/
it/10 x\OT1/cmr/m/n/10 ) \OMS/cmsy/m/n/10 ^^@ \OML/cmm/m/it/10 A\OT1/cmr/m/n/10
 ) \OML/cmm/m/it/10 < "
 []

) (content/properties/Prop Continuous [prop-continuous].tex
Overfull \hbox (129.09369pt too wide) detected at line 16
\OMS/cmsy/m/n/10 8[]8[][]\OT1/cmr/m/n/10 ([][]\OML/cmm/m/it/10 f[][]; x[]\OT1/c
mr/m/n/10 ) [][]= \OMS/cmsy/m/n/10 8[]9[]8[] [] ) []
 []

) (content/properties/Prop Limit Function [prop-limit-function].tex
Overfull \hbox (162.50223pt too wide) detected at line 20
\OMS/cmsy/m/n/10 8[]8[]8[]8[][]\OT1/cmr/m/n/10 ([][]\OML/cmm/m/it/10 f[][]; a; 
A\OT1/cmr/m/n/10 ) [][]= \OMS/cmsy/m/n/10 8[]9[]8[] []
 []

)
(content/properties/Prop Limit Numerical Sequence [prop-limit-numerical-sequenc
e].tex
Overfull \hbox (50.43013pt too wide) detected at line 8
\OMS/cmsy/m/n/10 8[]8[][]\OT1/cmr/m/n/10 (\OMS/cmsy/m/n/10 f\OML/cmm/m/it/10 x[
]\OMS/cmsy/m/n/10 g\OML/cmm/m/it/10 ; A\OT1/cmr/m/n/10 ) [][]= \OMS/cmsy/m/n/10
 8[]9[]8[]\OT1/cmr/m/n/10 (\OML/cmm/m/it/10 n > N \OMS/cmsy/m/n/10 )[][] [][][]
\OT1/cmr/m/n/10 (\OML/cmm/m/it/10 x[] \OMS/cmsy/m/n/10 ^^@ \OML/cmm/m/it/10 A\O
T1/cmr/m/n/10 ) \OML/cmm/m/it/10 < "\OT1/cmr/m/n/10 )
 []

) (content/properties/Prop Limit Point [prop-limit-point].tex
Overfull \hbox (120.96524pt too wide) detected at line 11
\OMS/cmsy/m/n/10 8[]8[]8[][]\OT1/cmr/m/n/10 ([][]\OML/cmm/m/it/10 f[][]; p; A\O
T1/cmr/m/n/10 ) [][]= \OMS/cmsy/m/n/10 8[]9[]8[] []
 []

) (content/properties/Prop Neighborhood [prop-neighborhood].tex
Overfull \hbox (49.1681pt too wide) detected at line 9
\OMS/cmsy/m/n/10 8[]8[][]\OT1/cmr/m/n/10 (\OML/cmm/m/it/10 N; p\OT1/cmr/m/n/10 
) [][]= \OMS/cmsy/m/n/10 9[] \OT1/cmr/m/n/10 (\OML/cmm/m/it/10 r > \OT1/cmr/m/n
/10 0)[][] \OMS/cmsy/m/n/10 ^[][] \OT1/cmr/m/n/10 (\OML/cmm/m/it/10 N \OT1/cmr/
m/n/10 = \OMS/cmsy/m/n/10 f\OML/cmm/m/it/10 x \OMS/cmsy/m/n/10 2[][] \U/msb/m/n
/10 R[][][][] \OMS/cmsy/m/n/10 j[][] \OML/cmm/m/it/10 p \OMS/cmsy/m/n/10 ^^@ \O
ML/cmm/m/it/10 r < x < p \OT1/cmr/m/n/10 + \OML/cmm/m/it/10 r\OMS/cmsy/m/n/10 g
\OT1/cmr/m/n/10 )
 []

) (content/properties/Prop Uniform Convergence [prop-uniform-convergence].tex
Overfull \hbox (290.05263pt too wide) detected at line 12
\OMS/cmsy/m/n/10 8[]8[]8[] \OT1/cmr/m/n/10 ([](\OML/cmm/m/it/10 f[];[][] f[][];
 S\OT1/cmr/m/n/10 )) \OMS/cmsy/m/n/10 , 8[] \OML/cmm/m/it/10 " > \OT1/cmr/m/n/1
0 0 \OMS/cmsy/m/n/10 ) 9[] 8[] \OML/cmm/m/it/10 n > N \OMS/cmsy/m/n/10 ) 8[] []
[][][][]\OT1/cmr/m/n/10 (\OML/cmm/m/it/10 f[]\OT1/cmr/m/n/10 (\OML/cmm/m/it/10 
x\OT1/cmr/m/n/10 ) \OMS/cmsy/m/n/10 ^^@ \OML/cmm/m/it/10 f\OT1/cmr/m/n/10 (\OML
/cmm/m/it/10 x\OT1/cmr/m/n/10 )) \OML/cmm/m/it/10 < "
 []

) (content/terminals/Conjunction [term-conjunction].tex
! Undefined control sequence.
<argument> \landQ 
                  
l.12 ...РґРµРЅРёРµ $P \entityref{op-landq}{\landQ}
                                                  $ РёСЃС‚РёРЅРЅРѕ С‚РѕРіРґР...
The control sequence at the end of the top line
of your error message was never \def'ed. If you have
misspelled it (e.g., `\hobx'), type `I' and the correct
spelling (e.g., `I\hbox'). Otherwise just continue,
and I'll forget about whatever was undefined.

) (content/terminals/Disjunction [term-disjunction].tex)
(content/terminals/Equivalence [term-equivalence].tex [5])
(content/terminals/Implication [term-implication].tex)
(content/terminals/Membership [term-in].tex)
(content/terminals/Negation [term-negation].tex)
(content/terminals/Set [term-set].tex
Overfull \hbox (1.06137pt too wide) in paragraph at lines 16--18
[]\T2A/cmr/bx/n/10 Базовое от-но-ше-ние: \T2A/cmr/m/n/10 Ос-нов-ным от-но-ше-ни
-ем яв-ля-ет-ся при-над-леж-ность
 []

) (content/terminals/Existential Quantifier [term-exists].tex
Overfull \hbox (3.53932pt too wide) in paragraph at lines 11--14
[]\T2A/cmr/bx/n/10 Формальная се-ман-ти-ка: \T2A/cmr/m/n/10 Пусть $\OML/cmm/m/i
t/10 P\OT1/cmr/m/n/10 (\OML/cmm/m/it/10 x\OT1/cmr/m/n/10 )$ \T2A/cmr/m/n/10 ^^V
 пре-ди-кат. Утвер-жде-ние $\OMS/cmsy/m/n/10 9\OML/cmm/m/it/10 x P\OT1/cmr/m/n/
10 (\OML/cmm/m/it/10 x\OT1/cmr/m/n/10 )$
 []

) (content/terminals/Subset [term-subset].tex [6]
LaTeX Font Info:    Trying to load font information for T2A+cmtt on input line 
16.

(C:\Users\Talgat\AppData\Local\Programs\MiKTeX\tex/latex/cyrillic\t2acmtt.fd
File: t2acmtt.fd 2001/08/11 v1.0a Computer Modern Cyrillic font definitions
))
(content/terminals/Uniqueness Existential Quantifier [term-exists-unique].tex
Overfull \hbox (6.31711pt too wide) in paragraph at lines 11--14
[]\T2A/cmr/bx/n/10 Формальная се-ман-ти-ка: \T2A/cmr/m/n/10 Пусть $\OML/cmm/m/i
t/10 P\OT1/cmr/m/n/10 (\OML/cmm/m/it/10 x\OT1/cmr/m/n/10 )$ \T2A/cmr/m/n/10 ^^V
 пре-ди-кат. Утвер-жде-ние $[][]\OMS/cmsy/m/n/10 9[][]\OT1/cmr/m/n/10 !\OML/cmm
/m/it/10 x P\OT1/cmr/m/n/10 (\OML/cmm/m/it/10 x\OT1/cmr/m/n/10 )$
 []

) (content/terminals/Universal Quantifier [term-forall].tex
Overfull \hbox (3.53932pt too wide) in paragraph at lines 14--17
[]\T2A/cmr/bx/n/10 Формальная се-ман-ти-ка: \T2A/cmr/m/n/10 Пусть $\OML/cmm/m/i
t/10 P\OT1/cmr/m/n/10 (\OML/cmm/m/it/10 x\OT1/cmr/m/n/10 )$ \T2A/cmr/m/n/10 ^^V
 пре-ди-кат. Утвер-жде-ние $\OMS/cmsy/m/n/10 8\OML/cmm/m/it/10 x P\OT1/cmr/m/n/
10 (\OML/cmm/m/it/10 x\OT1/cmr/m/n/10 )$
 []

)
(content/theorems/Thm Cauchy Criterion Limit Base [thm-cauchy-criterion-limit-b
ase].tex
Overfull \hbox (241.85962pt too wide) detected at line 15
\OMS/cmsy/m/n/10 8[]8[]8[] [] ) [] , []
 []

)
(content/theorems/Thm Cauchy Criterion Vector Valued [thm-cauchy-criterion-vect
or-valued].tex [7]
Overfull \hbox (27.27597pt too wide) in paragraph at lines 16--17
[]\T2A/cmr/m/n/10 Доказательство опи-ра-ет-ся на пол-но-ту про-стран-ства $[][]
\U/msb/m/n/10 R[][][]$\T2A/cmr/m/n/10 . Пусть $[][]\OML/cmm/m/it/10 d[][]\OT1/c
mr/m/n/10 (\OML/cmm/m/it/10 f\OT1/cmr/m/n/10 (\OML/cmm/m/it/10 x[]\OT1/cmr/m/n/
10 )\OML/cmm/m/it/10 ; f\OT1/cmr/m/n/10 (\OML/cmm/m/it/10 x[]\OT1/cmr/m/n/10 ))
$
 []


Overfull \hbox (2.90622pt too wide) in paragraph at lines 20--21
\T2A/cmr/m/n/10 denote the Euclidean distance. The condition $\OMS/cmsy/m/n/10 
8[]9[]\OT1/cmr/m/n/10 (\OML/cmm/m/it/10 !\OT1/cmr/m/n/10 ([][]\OML/cmm/m/it/10 
f[][]\OT1/cmr/m/n/10 ; \OML/cmm/m/it/10 B\OT1/cmr/m/n/10 ) \OML/cmm/m/it/10 < "
\OT1/cmr/m/n/10 )$ \T2A/cmr/m/n/10 implies
 []

) (content/theorems/Thm Partial Order [thm-partial-order].tex
Overfull \hbox (401.1343pt too wide) detected at line 15
\OMS/cmsy/m/n/10 8[]8[] []
 []

)
(content/theorems/Thm Uniform Convergence Series [thm-uniform-convergence-serie
s].tex
Overfull \hbox (235.57413pt too wide) detected at line 12
\OMS/cmsy/m/n/10 8[]8[]8[] [] , []
 []

)
(content/theorems/Thm Weierstrass Extreme Value [thm-weierstrass-extreme-value]
.tex [8]
Overfull \hbox (2.21556pt too wide) in paragraph at lines 17--18
[]\T2A/cmr/m/n/10 It suffices to prove that [][]f[][] attains its supremum on $
\OT1/cmr/m/n/10 [\OML/cmm/m/it/10 a; b\OT1/cmr/m/n/10 ]$\T2A/cmr/m/n/10 . Let $
\OML/cmm/m/it/10 M \OT1/cmr/m/n/10 =[][] [][][] \OML/cmm/m/it/10 f\OT1/cmr/m/n/
10 (\OML/cmm/m/it/10 x\OT1/cmr/m/n/10 )$\T2A/cmr/m/n/10 .
 []

) [9] (master.aux)
 ***********
LaTeX2e <2023-11-01>
L3 programming layer <2023-12-11>
 ***********
Package rerunfilecheck Info: File `master.out' has not changed.
(rerunfilecheck)             Checksum: F78DF19849824D9A9DDCBF6C718182D3;5782.
 ) 
Here is how much of TeX's memory you used:
 13075 strings out of 474495
 221094 string characters out of 5743463
 1947460 words of memory out of 5000000
 34883 multiletter control sequences out of 15000+600000
 565801 words of font info for 52 fonts, out of 8000000 for 9000
 1141 hyphenation exceptions out of 8191
 90i,7n,93p,1450b,613s stack positions out of 10000i,1000n,20000p,200000b,200000s

pdfTeX warning (dest): name{op-infimum} has been referenced but does not exist,
 replaced by a fixed one


pdfTeX warning (dest): name{prop-continuous} has been referenced but does not e
xist, replaced by a fixed one


pdfTeX warning (dest): name{op-sum} has been referenced but does not exist, rep
laced by a fixed one


pdfTeX warning (dest): name{obj-image} has been referenced but does not exist, 
replaced by a fixed one


pdfTeX warning (dest): name{obj-euclidean-distance} has been referenced but doe
s not exist, replaced by a fixed one


pdfTeX warning (dest): name{op-euclidean-distance} has been referenced but does
 not exist, replaced by a fixed one


pdfTeX warning (dest): name{obj-euclidean-space} has been referenced but does n
ot exist, replaced by a fixed one


pdfTeX warning (dest): name{op-limit} has been referenced but does not exist, r
eplaced by a fixed one


pdfTeX warning (dest): name{op-supremum} has been referenced but does not exist
, replaced by a fixed one


pdfTeX warning (dest): name{op-limit-function-base} has been referenced but doe
s not exist, replaced by a fixed one


pdfTeX warning (dest): name{term-exists} has been referenced but does not exist
, replaced by a fixed one


pdfTeX warning (dest): name{obj-subset} has been referenced but does not exist,
 replaced by a fixed one


pdfTeX warning (dest): name{op-leftrightarrow} has been referenced but does not
 exist, replaced by a fixed one


pdfTeX warning (dest): name{op-landq} has been referenced but does not exist, r
eplaced by a fixed one


pdfTeX warning (dest): name{obj-complex-numbers} has been referenced but does n
ot exist, replaced by a fixed one


pdfTeX warning (dest): name{obj-limit-point} has been referenced but does not e
xist, replaced by a fixed one


pdfTeX warning (dest): name{op-limit-function-cauchy} has been referenced but d
oes not exist, replaced by a fixed one


pdfTeX warning (dest): name{obj-open-interval} has been referenced but does not
 exist, replaced by a fixed one


pdfTeX warning (dest): name{op-to} has been referenced but does not exist, repl
aced by a fixed one


pdfTeX warning (dest): name{obj-natural-numbers} has been referenced but does n
ot exist, replaced by a fixed one


pdfTeX warning (dest): name{obj-function} has been referenced but does not exis
t, replaced by a fixed one


pdfTeX warning (dest): name{obj-closed-interval} has been referenced but does n
ot exist, replaced by a fixed one


pdfTeX warning (dest): name{obj-finite-set} has been referenced but does not ex
ist, replaced by a fixed one


pdfTeX warning (dest): name{op-abs-abstract} has been referenced but does not e
xist, replaced by a fixed one


pdfTeX warning (dest): name{obj-cartesian-product} has been referenced but does
 not exist, replaced by a fixed one


pdfTeX warning (dest): name{op-mid} has been referenced but does not exist, rep
laced by a fixed one


pdfTeX warning (dest): name{obj-ordered-pair} has been referenced but does not 
exist, replaced by a fixed one


pdfTeX warning (dest): name{obj-wff-fol} has been referenced but does not exist
, replaced by a fixed one


pdfTeX warning (dest): name{term-implication} has been referenced but does not 
exist, replaced by a fixed one


pdfTeX warning (dest): name{term-negation} has been referenced but does not exi
st, replaced by a fixed one


pdfTeX warning (dest): name{obj-predicate} has been referenced but does not exi
st, replaced by a fixed one


pdfTeX warning (dest): name{obj-term} has been referenced but does not exist, r
eplaced by a fixed one


pdfTeX warning (dest): name{prop-partial-order} has been referenced but does no
t exist, replaced by a fixed one


pdfTeX warning (dest): name{obj-real-numbers} has been referenced but does not 
exist, replaced by a fixed one


pdfTeX warning (dest): name{obj-set} has been referenced but does not exist, re
placed by a fixed one


pdfTeX warning (dest): name{axm-zfc-union} has been referenced but does not exi
st, replaced by a fixed one


pdfTeX warning (dest): name{axm-zfc-extensionality} has been referenced but doe
s not exist, replaced by a fixed one


pdfTeX warning (dest): name{op-intersection} has been referenced but does not e
xist, replaced by a fixed one


pdfTeX warning (dest): name{op-union} has been referenced but does not exist, r
eplaced by a fixed one


pdfTeX warning (dest): name{def-logical-connectives} has been referenced but do
es not exist, replaced by a fixed one


pdfTeX warning (dest): name{obj-empty-set} has been referenced but does not exi
st, replaced by a fixed one


pdfTeX warning (dest): name{axm-zfc-pairing} has been referenced but does not e
xist, replaced by a fixed one


pdfTeX warning (dest): name{term-conjunction} has been referenced but does not 
exist, replaced by a fixed one


pdfTeX warning (dest): name{term-disjunction} has been referenced but does not 
exist, replaced by a fixed one

 <C:\Users\Talgat\AppData\Local\MiKTeX\fonts/pk/ljfour/lh/lh-t2a/dpi600\lati100
0.pk> <C:\Users\Talgat\AppData\Local\MiKTeX\fonts/pk/ljfour/lh/lh-t2a/dpi600\la
tt1000.pk> <C:\Users\Talgat\AppData\Local\MiKTeX\fonts/pk/ljfour/lh/lh-t2a/dpi6
00\labx1440.pk> <C:\Users\Talgat\AppData\Local\MiKTeX\fonts/pk/ljfour/lh/lh-t2a
/dpi600\larm1000.pk> <C:\Users\Talgat\AppData\Local\MiKTeX\fonts/pk/ljfour/lh/l
h-t2a/dpi600\labx1000.pk><C:/Users/Talgat/AppData/Local/Programs/MiKTeX/fonts/t
ype1/public/amsfonts/cm/cmex10.pfb><C:/Users/Talgat/AppData/Local/Programs/MiKT
eX/fonts/type1/public/amsfonts/cm/cmmi10.pfb><C:/Users/Talgat/AppData/Local/Pro
grams/MiKTeX/fonts/type1/public/amsfonts/cm/cmmi7.pfb><C:/Users/Talgat/AppData/
Local/Programs/MiKTeX/fonts/type1/public/amsfonts/cm/cmr10.pfb><C:/Users/Talgat
/AppData/Local/Programs/MiKTeX/fonts/type1/public/amsfonts/cm/cmr5.pfb><C:/User
s/Talgat/AppData/Local/Programs/MiKTeX/fonts/type1/public/amsfonts/cm/cmr7.pfb>
<C:/Users/Talgat/AppData/Local/Programs/MiKTeX/fonts/type1/public/amsfonts/cm/c
msy10.pfb><C:/Users/Talgat/AppData/Local/Programs/MiKTeX/fonts/type1/public/ams
fonts/cm/cmsy7.pfb><C:/Users/Talgat/AppData/Local/Programs/MiKTeX/fonts/type1/p
ublic/amsfonts/symbols/msbm10.pfb><C:/Users/Talgat/AppData/Local/Programs/MiKTe
X/fonts/type1/public/amsfonts/symbols/msbm7.pfb>
Output written on "F:\Universe\Projects\РЈС‡РµР±РЅРёРє РїРѕ РјР°С‚Р°РЅР°Р»РёР·С
ѓ\content\master.pdf" (9 pages, 312246 bytes).
PDF statistics:
 891 PDF objects out of 1000 (max. 8388607)
 127 named destinations out of 1000 (max. 500000)
 153 words of extra memory for PDF output out of 10000 (max. 10000000)

